aAbBcCdD 000010000000
aAbBcCdD 000010000000
aAbBcCdD 000010000000
0L 110000000000
256 101000000000
-1 101000000000
0.0 100100000000
100000000000.0 100100000000
1 000001000000
13:12:11.00 000000101000
1971-10-19 00:00:00.00 000000110000
2001-10-13 07:08:09.00 000000110000
999999-12-31 00:00:00.00 000000110000
-999998-01-01 00:00:00.00 000000110000
2:00:00:00.00 000000100100
1:12:00:00.00 000000100100
06:00:00.00 000000100100
10:00:00:01.00 000000100100
424:00:00:00.00 000000100100
3:00:03:59.92 000000100100
\\\001\002\003\004\\ 000000000010
oid 000000000001
